exports[`PageContainer renders the Page with the right data 1`] = `
<Page
  availability={
    Array [
      Object {
        "date": "date",
        "times": Array [
          1,
          2,
        ],
      },
    ]
  }
  hasAvailability={true}
  locationId={4}
  serviceId={68} />
`;
